Error 1
Error 2
Console message
Error 3
Error 4
Error 1
Error 2
Console message
Error 3
Error 4
